Category: 📺央视频道, Name: CCTV-1, Total: 160, Valid: 65, Valid Percent: 40.62%, Whitelist: 0, IPv4: 22, IPv6: 138, Min Delay: 0.1 ms, Max Speed: 29.90 M/s, Avg Speed: 5.04 M/s, Max Resolution: 1920x1080
Category: 📺央视频道, Name: CCTV-2, Total: 175, Valid: 81, Valid Percent: 46.29%, Whitelist: 0, IPv4: 13, IPv6: 162, Min Delay: 0.1 ms, Max Speed: 36.25 M/s, Avg Speed: 4.96 M/s, Max Resolution: 1920x1080
Category: 📺央视频道, Name: CCTV-3, Total: 150, Valid: 62, Valid Percent: 41.33%, Whitelist: 0, IPv4: 8, IPv6: 142, Min Delay: 0.1 ms, Max Speed: 35.75 M/s, Avg Speed: 3.88 M/s, Max Resolution: 1920x1080
Category: 📺央视频道, Name: CCTV-4, Total: 299, Valid: 77, Valid Percent: 25.75%, Whitelist: 0, IPv4: 18, IPv6: 281, Min Delay: 0.1 ms, Max Speed: 38.04 M/s, Avg Speed: 6.80 M/s, Max Resolution: 1920x1080
Category: 📺央视频道, Name: CCTV-5, Total: 235, Valid: 51, Valid Percent: 21.70%, Whitelist: 0, IPv4: 14, IPv6: 221, Min Delay: 0.1 ms, Max Speed: 35.42 M/s, Avg Speed: 8.33 M/s, Max Resolution: 1920x1080
Category: 📺央视频道, Name: CCTV-5+, Total: 63, Valid: 45, Valid Percent: 71.43%, Whitelist: 0, IPv4: 4, IPv6: 59, Min Delay: 0.1 ms, Max Speed: 36.12 M/s, Avg Speed: 3.08 M/s, Max Resolution: 1920x1080
Category: 📺央视频道, Name: CCTV-6, Total: 144, Valid: 49, Valid Percent: 34.03%, Whitelist: 0, IPv4: 14, IPv6: 130, Min Delay: 0.1 ms, Max Speed: 34.73 M/s, Avg Speed: 7.65 M/s, Max Resolution: 1920x1080
Category: 📺央视频道, Name: CCTV-7, Total: 156, Valid: 70, Valid Percent: 44.87%, Whitelist: 0, IPv4: 10, IPv6: 146, Min Delay: 0.1 ms, Max Speed: 36.87 M/s, Avg Speed: 4.28 M/s, Max Resolution: 1920x1080
Category: 📺央视频道, Name: CCTV-8, Total: 155, Valid: 64, Valid Percent: 41.29%, Whitelist: 0, IPv4: 17, IPv6: 138, Min Delay: 0.1 ms, Max Speed: 35.43 M/s, Avg Speed: 7.68 M/s, Max Resolution: 1920x1080
Category: 📺央视频道, Name: CCTV-9, Total: 158, Valid: 66, Valid Percent: 41.77%, Whitelist: 0, IPv4: 7, IPv6: 151, Min Delay: 0.1 ms, Max Speed: 37.53 M/s, Avg Speed: 3.60 M/s, Max Resolution: 1920x1080
Category: 📺央视频道, Name: CCTV-10, Total: 156, Valid: 67, Valid Percent: 42.95%, Whitelist: 0, IPv4: 10, IPv6: 146, Min Delay: 0.1 ms, Max Speed: 34.18 M/s, Avg Speed: 4.53 M/s, Max Resolution: 1920x1080
Category: 📺央视频道, Name: CCTV-11, Total: 166, Valid: 75, Valid Percent: 45.18%, Whitelist: 0, IPv4: 9, IPv6: 157, Min Delay: 0.1 ms, Max Speed: 36.39 M/s, Avg Speed: 1.77 M/s, Max Resolution: 1920x1080
Category: 📺央视频道, Name: CCTV-12, Total: 162, Valid: 73, Valid Percent: 45.06%, Whitelist: 0, IPv4: 9, IPv6: 153, Min Delay: 0.1 ms, Max Speed: 36.36 M/s, Avg Speed: 3.71 M/s, Max Resolution: 1920x1080
Category: 📺央视频道, Name: CCTV-13, Total: 156, Valid: 57, Valid Percent: 36.54%, Whitelist: 0, IPv4: 16, IPv6: 140, Min Delay: 0.1 ms, Max Speed: 35.34 M/s, Avg Speed: 8.22 M/s, Max Resolution: 1920x1080
Category: 📺央视频道, Name: CCTV-14, Total: 137, Valid: 44, Valid Percent: 32.12%, Whitelist: 0, IPv4: 6, IPv6: 131, Min Delay: 0.1 ms, Max Speed: 34.77 M/s, Avg Speed: 3.91 M/s, Max Resolution: 1920x1080
Category: 📺央视频道, Name: CCTV-15, Total: 157, Valid: 70, Valid Percent: 44.59%, Whitelist: 0, IPv4: 7, IPv6: 150, Min Delay: 0.1 ms, Max Speed: 35.62 M/s, Avg Speed: 2.14 M/s, Max Resolution: 1920x1080
Category: 📺央视频道, Name: CCTV-16, Total: 47, Valid: 25, Valid Percent: 53.19%, Whitelist: 0, IPv4: 2, IPv6: 45, Min Delay: 0.1 ms, Max Speed: 31.03 M/s, Avg Speed: 2.26 M/s, Max Resolution: 1920x1080
Category: 📺央视频道, Name: CCTV-17, Total: 146, Valid: 52, Valid Percent: 35.62%, Whitelist: 0, IPv4: 8, IPv6: 138, Min Delay: 0.1 ms, Max Speed: 34.41 M/s, Avg Speed: 3.74 M/s, Max Resolution: 1920x1080
Category: 📡卫视频道, Name: 黑龙江卫视, Total: 87, Valid: 63, Valid Percent: 72.41%, Whitelist: 0, IPv4: 5, IPv6: 82, Min Delay: 0.1 ms, Max Speed: 35.71 M/s, Avg Speed: 2.26 M/s, Max Resolution: 1920x1080
Category: 📡卫视频道, Name: 广东卫视, Total: 161, Valid: 64, Valid Percent: 39.75%, Whitelist: 0, IPv4: 6, IPv6: 155, Min Delay: 0.1 ms, Max Speed: 35.53 M/s, Avg Speed: 2.68 M/s, Max Resolution: 1920x1080
Category: 📡卫视频道, Name: 北京卫视, Total: 166, Valid: 59, Valid Percent: 35.54%, Whitelist: 0, IPv4: 7, IPv6: 159, Min Delay: 0.1 ms, Max Speed: 34.63 M/s, Avg Speed: 2.87 M/s, Max Resolution: 1920x1080
Category: 📡卫视频道, Name: 江苏卫视, Total: 171, Valid: 74, Valid Percent: 43.27%, Whitelist: 0, IPv4: 11, IPv6: 160, Min Delay: 0.1 ms, Max Speed: 35.19 M/s, Avg Speed: 4.56 M/s, Max Resolution: 1920x1080
Category: 📡卫视频道, Name: 湖南卫视, Total: 182, Valid: 64, Valid Percent: 35.16%, Whitelist: 0, IPv4: 8, IPv6: 174, Min Delay: 0.1 ms, Max Speed: 39.15 M/s, Avg Speed: 2.37 M/s, Max Resolution: 3840x2160
Category: 📡卫视频道, Name: 香港卫视, Total: 13, Valid: 5, Valid Percent: 38.46%, Whitelist: 0, IPv4: 0, IPv6: 13, Min Delay: 0.1 ms, Max Speed: 0.00 M/s, Avg Speed: 0.00 M/s, Max Resolution: 1920x1080
Category: 📡卫视频道, Name: 浙江卫视, Total: 241, Valid: 82, Valid Percent: 34.02%, Whitelist: 0, IPv4: 14, IPv6: 227, Min Delay: 0.1 ms, Max Speed: 37.80 M/s, Avg Speed: 6.04 M/s, Max Resolution: 1920x1080
Category: 📡卫视频道, Name: 湖北卫视, Total: 166, Valid: 73, Valid Percent: 43.98%, Whitelist: 0, IPv4: 3, IPv6: 163, Min Delay: 0.1 ms, Max Speed: 37.42 M/s, Avg Speed: 1.48 M/s, Max Resolution: 1920x1080
Category: 📡卫视频道, Name: 安徽卫视, Total: 84, Valid: 62, Valid Percent: 73.81%, Whitelist: 0, IPv4: 4, IPv6: 80, Min Delay: 0.1 ms, Max Speed: 40.04 M/s, Avg Speed: 2.37 M/s, Max Resolution: 1920x1080
Category: 📡卫视频道, Name: 重庆卫视, Total: 83, Valid: 57, Valid Percent: 68.67%, Whitelist: 0, IPv4: 2, IPv6: 81, Min Delay: 0.1 ms, Max Speed: 39.96 M/s, Avg Speed: 1.33 M/s, Max Resolution: 1920x1080
Category: 📡卫视频道, Name: 东方卫视, Total: 168, Valid: 66, Valid Percent: 39.29%, Whitelist: 0, IPv4: 7, IPv6: 161, Min Delay: 0.1 ms, Max Speed: 38.81 M/s, Avg Speed: 3.30 M/s, Max Resolution: 1920x1080
Category: 📡卫视频道, Name: 东南卫视, Total: 74, Valid: 45, Valid Percent: 60.81%, Whitelist: 0, IPv4: 4, IPv6: 70, Min Delay: 0.1 ms, Max Speed: 37.52 M/s, Avg Speed: 3.19 M/s, Max Resolution: 1920x1080
Category: 📡卫视频道, Name: 甘肃卫视, Total: 48, Valid: 28, Valid Percent: 58.33%, Whitelist: 0, IPv4: 4, IPv6: 44, Min Delay: 0.1 ms, Max Speed: 38.54 M/s, Avg Speed: 3.90 M/s, Max Resolution: 1920x1080
Category: 📡卫视频道, Name: 广西卫视, Total: 54, Valid: 36, Valid Percent: 66.67%, Whitelist: 0, IPv4: 2, IPv6: 52, Min Delay: 0.1 ms, Max Speed: 36.00 M/s, Avg Speed: 1.95 M/s, Max Resolution: 1920x1080
Category: 📡卫视频道, Name: 贵州卫视, Total: 62, Valid: 40, Valid Percent: 64.52%, Whitelist: 0, IPv4: 6, IPv6: 56, Min Delay: 0.1 ms, Max Speed: 36.76 M/s, Avg Speed: 5.17 M/s, Max Resolution: 1920x1080
Category: 📡卫视频道, Name: 海南卫视, Total: 201, Valid: 42, Valid Percent: 20.90%, Whitelist: 0, IPv4: 5, IPv6: 196, Min Delay: 0.1 ms, Max Speed: 35.54 M/s, Avg Speed: 3.99 M/s, Max Resolution: 1920x1080
Category: 📡卫视频道, Name: 河北卫视, Total: 73, Valid: 47, Valid Percent: 64.38%, Whitelist: 0, IPv4: 6, IPv6: 67, Min Delay: 0.1 ms, Max Speed: 39.50 M/s, Avg Speed: 4.66 M/s, Max Resolution: 1920x1080
Category: 📡卫视频道, Name: 河南卫视, Total: 153, Valid: 56, Valid Percent: 36.60%, Whitelist: 0, IPv4: 7, IPv6: 146, Min Delay: 0.1 ms, Max Speed: 36.18 M/s, Avg Speed: 3.73 M/s, Max Resolution: 1920x1080
Category: 📡卫视频道, Name: 吉林卫视, Total: 157, Valid: 63, Valid Percent: 40.13%, Whitelist: 0, IPv4: 9, IPv6: 148, Min Delay: 0.1 ms, Max Speed: 39.92 M/s, Avg Speed: 5.13 M/s, Max Resolution: 1920x1080
Category: 📡卫视频道, Name: 江西卫视, Total: 165, Valid: 70, Valid Percent: 42.42%, Whitelist: 0, IPv4: 6, IPv6: 159, Min Delay: 0.1 ms, Max Speed: 37.21 M/s, Avg Speed: 3.09 M/s, Max Resolution: 1920x1080
Category: 📡卫视频道, Name: 辽宁卫视, Total: 140, Valid: 42, Valid Percent: 30.00%, Whitelist: 0, IPv4: 3, IPv6: 137, Min Delay: 0.1 ms, Max Speed: 37.24 M/s, Avg Speed: 2.50 M/s, Max Resolution: 1920x1080
Category: 📡卫视频道, Name: 内蒙古卫视, Total: 112, Valid: 25, Valid Percent: 22.32%, Whitelist: 0, IPv4: 4, IPv6: 108, Min Delay: 0.1 ms, Max Speed: 35.73 M/s, Avg Speed: 5.60 M/s, Max Resolution: 1920x1080
Category: 📡卫视频道, Name: 宁夏卫视, Total: 76, Valid: 24, Valid Percent: 31.58%, Whitelist: 0, IPv4: 4, IPv6: 72, Min Delay: 0.1 ms, Max Speed: 39.25 M/s, Avg Speed: 5.88 M/s, Max Resolution: 1920x1080
Category: 📡卫视频道, Name: 青海卫视, Total: 123, Valid: 32, Valid Percent: 26.02%, Whitelist: 0, IPv4: 6, IPv6: 117, Min Delay: 0.1 ms, Max Speed: 37.65 M/s, Avg Speed: 5.61 M/s, Max Resolution: 1920x1080
Category: 📡卫视频道, Name: 山东卫视, Total: 71, Valid: 46, Valid Percent: 64.79%, Whitelist: 0, IPv4: 5, IPv6: 66, Min Delay: 0.1 ms, Max Speed: 37.90 M/s, Avg Speed: 4.02 M/s, Max Resolution: 1920x1080
Category: 📡卫视频道, Name: 山西卫视, Total: 34, Valid: 17, Valid Percent: 50.00%, Whitelist: 0, IPv4: 5, IPv6: 29, Min Delay: 0.1 ms, Max Speed: 39.11 M/s, Avg Speed: 8.83 M/s, Max Resolution: 1920x1080
Category: 📡卫视频道, Name: 陕西卫视, Total: 116, Valid: 26, Valid Percent: 22.41%, Whitelist: 0, IPv4: 4, IPv6: 112, Min Delay: 0.1 ms, Max Speed: 35.95 M/s, Avg Speed: 4.13 M/s, Max Resolution: 1920x1080
Category: 📡卫视频道, Name: 四川卫视, Total: 60, Valid: 37, Valid Percent: 61.67%, Whitelist: 0, IPv4: 7, IPv6: 53, Min Delay: 0.1 ms, Max Speed: 40.55 M/s, Avg Speed: 5.06 M/s, Max Resolution: 3840x2160
Category: 📡卫视频道, Name: 深圳卫视, Total: 61, Valid: 37, Valid Percent: 60.66%, Whitelist: 0, IPv4: 4, IPv6: 57, Min Delay: 0.1 ms, Max Speed: 37.66 M/s, Avg Speed: 3.90 M/s, Max Resolution: 1920x1080
Category: 📡卫视频道, Name: 三沙卫视, Total: 92, Valid: 14, Valid Percent: 15.22%, Whitelist: 0, IPv4: 3, IPv6: 89, Min Delay: 0.1 ms, Max Speed: 37.21 M/s, Avg Speed: 7.62 M/s, Max Resolution: 1920x1080
Category: 📡卫视频道, Name: 天津卫视, Total: 64, Valid: 44, Valid Percent: 68.75%, Whitelist: 0, IPv4: 4, IPv6: 60, Min Delay: 0.1 ms, Max Speed: 41.35 M/s, Avg Speed: 3.23 M/s, Max Resolution: 1920x1080
Category: 📡卫视频道, Name: 西藏卫视, Total: 40, Valid: 25, Valid Percent: 62.50%, Whitelist: 0, IPv4: 4, IPv6: 36, Min Delay: 0.1 ms, Max Speed: 25.43 M/s, Avg Speed: 3.73 M/s, Max Resolution: 1920x1080
Category: 📡卫视频道, Name: 新疆卫视, Total: 42, Valid: 24, Valid Percent: 57.14%, Whitelist: 0, IPv4: 3, IPv6: 39, Min Delay: 0.1 ms, Max Speed: 23.65 M/s, Avg Speed: 2.56 M/s, Max Resolution: 1920x1080
Category: 📡卫视频道, Name: 云南卫视, Total: 47, Valid: 27, Valid Percent: 57.45%, Whitelist: 0, IPv4: 3, IPv6: 44, Min Delay: 0.1 ms, Max Speed: 21.58 M/s, Avg Speed: 2.29 M/s, Max Resolution: 1920x1080
Category: ☘️黑龙江频道, Name: 黑龙江文体, Total: 10, Valid: 9, Valid Percent: 90.00%, Whitelist: 0, IPv4: 0, IPv6: 10, Min Delay: 0.1 ms, Max Speed: 0.00 M/s, Avg Speed: 0.00 M/s, Max Resolution: 1920x1080
Category: ☘️黑龙江频道, Name: 黑龙江新闻法治, Total: 12, Valid: 11, Valid Percent: 91.67%, Whitelist: 0, IPv4: 0, IPv6: 12, Min Delay: 0.1 ms, Max Speed: 0.00 M/s, Avg Speed: 0.00 M/s, Max Resolution: 1920x1080
Category: ☘️黑龙江频道, Name: 黑龙江影视, Total: 9, Valid: 8, Valid Percent: 88.89%, Whitelist: 0, IPv4: 0, IPv6: 9, Min Delay: 0.1 ms, Max Speed: 0.00 M/s, Avg Speed: 0.00 M/s, Max Resolution: 1920x1080
Category: ☘️黑龙江频道, Name: 黑龙江都市, Total: 11, Valid: 10, Valid Percent: 90.91%, Whitelist: 0, IPv4: 0, IPv6: 11, Min Delay: 0.1 ms, Max Speed: 0.00 M/s, Avg Speed: 0.00 M/s, Max Resolution: 1920x1080
Category: ☘️黑龙江频道, Name: 黑龙江少儿, Total: 9, Valid: 8, Valid Percent: 88.89%, Whitelist: 0, IPv4: 0, IPv6: 9, Min Delay: 0.1 ms, Max Speed: 0.00 M/s, Avg Speed: 0.00 M/s, Max Resolution: 1920x1080
Category: ☘️黑龙江频道, Name: 黑龙江新闻, Total: 3, Valid: 1, Valid Percent: 33.33%, Whitelist: 0, IPv4: 0, IPv6: 3, Min Delay: 0.1 ms, Max Speed: 0.00 M/s, Avg Speed: 0.00 M/s, Max Resolution: 1920x1080
Category: ☘️黑龙江频道, Name: 哈尔滨新闻综合, Total: 3, Valid: 3, Valid Percent: 100.00%, Whitelist: 0, IPv4: 0, IPv6: 3, Min Delay: 0.1 ms, Max Speed: 0.00 M/s, Avg Speed: 0.00 M/s, Max Resolution: 1920x1080
Category: ☘️黑龙江频道, Name: 哈尔滨影视, Total: 6, Valid: 5, Valid Percent: 83.33%, Whitelist: 0, IPv4: 6, IPv6: 0, Min Delay: 264 ms, Max Speed: 0.02 M/s, Avg Speed: 0.02 M/s, Max Resolution: 720x576
Category: ☘️黑龙江频道, Name: 哈尔滨资讯, Total: 1, Valid: 1, Valid Percent: 100.00%, Whitelist: 0, IPv4: 1, IPv6: 0, Min Delay: 1052 ms, Max Speed: 0.03 M/s, Avg Speed: 0.03 M/s, Max Resolution: None
Category: ☘️黑龙江频道, Name: 哈尔滨生活, Total: 5, Valid: 4, Valid Percent: 80.00%, Whitelist: 0, IPv4: 5, IPv6: 0, Min Delay: 1631 ms, Max Speed: 0.05 M/s, Avg Speed: 0.03 M/s, Max Resolution: 720x576
Category: ☘️黑龙江频道, Name: 哈尔滨娱乐, Total: 1, Valid: 1, Valid Percent: 100.00%, Whitelist: 0, IPv4: 1, IPv6: 0, Min Delay: 6990 ms, Max Speed: 0.01 M/s, Avg Speed: 0.01 M/s, Max Resolution: None
Category: ☘️黑龙江频道, Name: 大庆新闻综合, Total: 1, Valid: 1, Valid Percent: 100.00%, Whitelist: 0, IPv4: 0, IPv6: 1, Min Delay: 0.1 ms, Max Speed: 0.00 M/s, Avg Speed: 0.00 M/s, Max Resolution: 1920x1080
Category: ☘️黑龙江频道, Name: 鹤岗新闻综合, Total: 4, Valid: 3, Valid Percent: 75.00%, Whitelist: 0, IPv4: 0, IPv6: 4, Min Delay: 0.1 ms, Max Speed: 0.00 M/s, Avg Speed: 0.00 M/s, Max Resolution: 1920x1080
Category: ☘️黑龙江频道, Name: 七台河新闻综合, Total: 1, Valid: 1, Valid Percent: 100.00%, Whitelist: 0, IPv4: 1, IPv6: 0, Min Delay: 2133 ms, Max Speed: 0.45 M/s, Avg Speed: 0.45 M/s, Max Resolution: 1280x720
Category: ☘️黑龙江频道, Name: 佳木斯新闻综合, Total: 1, Valid: 1, Valid Percent: 100.00%, Whitelist: 0, IPv4: 0, IPv6: 1, Min Delay: 0.1 ms, Max Speed: 0.00 M/s, Avg Speed: 0.00 M/s, Max Resolution: 1920x1080
Category: ☘️黑龙江频道, Name: 甘南县综合, Total: 1, Valid: 0, Valid Percent: 0.00%, Whitelist: 0, IPv4: 1, IPv6: 0, Min Delay: 5077 ms, Max Speed: 0.00 M/s, Avg Speed: 0.00 M/s, Max Resolution: None
Category: ☘️黑龙江频道, Name: 齐齐哈尔新闻综合, Total: 3, Valid: 1, Valid Percent: 33.33%, Whitelist: 0, IPv4: 0, IPv6: 3, Min Delay: 0.1 ms, Max Speed: 0.00 M/s, Avg Speed: 0.00 M/s, Max Resolution: 1920x1080
Category: ☘️黑龙江频道, Name: 双鸭山综合, Total: 2, Valid: 1, Valid Percent: 50.00%, Whitelist: 0, IPv4: 2, IPv6: 0, Min Delay: 2190 ms, Max Speed: 0.43 M/s, Avg Speed: 0.43 M/s, Max Resolution: 1280x720
Category: 🌊港·澳·台, Name: 翡翠台, Total: 257, Valid: 17, Valid Percent: 6.61%, Whitelist: 0, IPv4: 0, IPv6: 257, Min Delay: 0.1 ms, Max Speed: 0.00 M/s, Avg Speed: 0.00 M/s, Max Resolution: 1920x1080
Category: 🌊港·澳·台, Name: 明珠台, Total: 131, Valid: 0, Valid Percent: 0.00%, Whitelist: 0, IPv4: 0, IPv6: 131, Min Delay: -1 ms, Max Speed: 0.00 M/s, Avg Speed: 0.00 M/s, Max Resolution: None
Category: 🌊港·澳·台, Name: 凤凰中文, Total: 186, Valid: 21, Valid Percent: 11.29%, Whitelist: 0, IPv4: 2, IPv6: 184, Min Delay: 0.1 ms, Max Speed: 0.77 M/s, Avg Speed: 0.05 M/s, Max Resolution: 1920x1080
Category: 🌊港·澳·台, Name: 凤凰资讯, Total: 199, Valid: 36, Valid Percent: 18.09%, Whitelist: 0, IPv4: 1, IPv6: 198, Min Delay: 0.1 ms, Max Speed: 0.26 M/s, Avg Speed: 0.01 M/s, Max Resolution: 1920x1080
Category: 🌊港·澳·台, Name: 凤凰香港, Total: 169, Valid: 16, Valid Percent: 9.47%, Whitelist: 0, IPv4: 1, IPv6: 168, Min Delay: 0.1 ms, Max Speed: 0.79 M/s, Avg Speed: 0.05 M/s, Max Resolution: 1920x1080
Category: 🌊港·澳·台, Name: 凤凰卫视, Total: 7, Valid: 4, Valid Percent: 57.14%, Whitelist: 0, IPv4: 0, IPv6: 7, Min Delay: 0.1 ms, Max Speed: 0.00 M/s, Avg Speed: 0.00 M/s, Max Resolution: 1920x1080
Category: 🌊港·澳·台, Name: TVBS亚洲, Total: 2, Valid: 1, Valid Percent: 50.00%, Whitelist: 0, IPv4: 0, IPv6: 2, Min Delay: 0.1 ms, Max Speed: 0.00 M/s, Avg Speed: 0.00 M/s, Max Resolution: 1920x1080
Category: 🌊港·澳·台, Name: 香港卫视, Total: 13, Valid: 5, Valid Percent: 38.46%, Whitelist: 0, IPv4: 0, IPv6: 13, Min Delay: 0.1 ms, Max Speed: 0.00 M/s, Avg Speed: 0.00 M/s, Max Resolution: 1920x1080
Category: 🌊港·澳·台, Name: 纬来体育, Total: 8, Valid: 5, Valid Percent: 62.50%, Whitelist: 0, IPv4: 0, IPv6: 8, Min Delay: 0.1 ms, Max Speed: 0.00 M/s, Avg Speed: 0.00 M/s, Max Resolution: 1920x1080
Category: 🌊港·澳·台, Name: 纬来育乐, Total: 29, Valid: 0, Valid Percent: 0.00%, Whitelist: 0, IPv4: 0, IPv6: 29, Min Delay: -1 ms, Max Speed: 0.00 M/s, Avg Speed: 0.00 M/s, Max Resolution: None
Category: 🌊港·澳·台, Name: J2, Total: 2, Valid: 1, Valid Percent: 50.00%, Whitelist: 0, IPv4: 0, IPv6: 2, Min Delay: 0.1 ms, Max Speed: 0.00 M/s, Avg Speed: 0.00 M/s, Max Resolution: 1920x1080
Category: 🌊港·澳·台, Name: Viutv, Total: 1, Valid: 1, Valid Percent: 100.00%, Whitelist: 0, IPv4: 0, IPv6: 1, Min Delay: 0.1 ms, Max Speed: 0.00 M/s, Avg Speed: 0.00 M/s, Max Resolution: 1920x1080
Category: 🌊港·澳·台, Name: 三立台湾, Total: 1, Valid: 1, Valid Percent: 100.00%, Whitelist: 0, IPv4: 0, IPv6: 1, Min Delay: 0.1 ms, Max Speed: 0.00 M/s, Avg Speed: 0.00 M/s, Max Resolution: 1920x1080
Category: 🌊港·澳·台, Name: 无线新闻, Total: 5, Valid: 5, Valid Percent: 100.00%, Whitelist: 0, IPv4: 0, IPv6: 5, Min Delay: 0.1 ms, Max Speed: 0.00 M/s, Avg Speed: 0.00 M/s, Max Resolution: 1920x1080
Category: 🌊港·澳·台, Name: 三立新闻, Total: 9, Valid: 5, Valid Percent: 55.56%, Whitelist: 0, IPv4: 0, IPv6: 9, Min Delay: 0.1 ms, Max Speed: 0.00 M/s, Avg Speed: 0.00 M/s, Max Resolution: 1920x1080
Category: 🌊港·澳·台, Name: 东森综合, Total: 2, Valid: 1, Valid Percent: 50.00%, Whitelist: 0, IPv4: 0, IPv6: 2, Min Delay: 0.1 ms, Max Speed: 0.00 M/s, Avg Speed: 0.00 M/s, Max Resolution: 1920x1080
Category: 🌊港·澳·台, Name: 东森超视, Total: 10, Valid: 5, Valid Percent: 50.00%, Whitelist: 0, IPv4: 0, IPv6: 10, Min Delay: 0.1 ms, Max Speed: 0.00 M/s, Avg Speed: 0.00 M/s, Max Resolution: 1920x1080
Category: 🌊港·澳·台, Name: 东森电影, Total: 6, Valid: 4, Valid Percent: 66.67%, Whitelist: 0, IPv4: 0, IPv6: 6, Min Delay: 0.1 ms, Max Speed: 0.00 M/s, Avg Speed: 0.00 M/s, Max Resolution: 1920x1080
Category: 🌊港·澳·台, Name: Now剧集, Total: 1, Valid: 0, Valid Percent: 0.00%, Whitelist: 0, IPv4: 0, IPv6: 1, Min Delay: -1 ms, Max Speed: 0.00 M/s, Avg Speed: 0.00 M/s, Max Resolution: None
Category: 🌊港·澳·台, Name: Now华剧, Total: 1, Valid: 1, Valid Percent: 100.00%, Whitelist: 0, IPv4: 1, IPv6: 0, Min Delay: 234 ms, Max Speed: 5.87 M/s, Avg Speed: 5.87 M/s, Max Resolution: 864x720
Category: 🌊港·澳·台, Name: 靖天资讯, Total: 26, Valid: 1, Valid Percent: 3.85%, Whitelist: 0, IPv4: 1, IPv6: 25, Min Delay: 31 ms, Max Speed: 0.77 M/s, Avg Speed: 0.77 M/s, Max Resolution: 1920x1080
Category: 🎬电影频道, Name: CHC家庭影院, Total: 53, Valid: 11, Valid Percent: 20.75%, Whitelist: 0, IPv4: 2, IPv6: 51, Min Delay: 0.1 ms, Max Speed: 34.25 M/s, Avg Speed: 6.21 M/s, Max Resolution: 1920x1080
Category: 🎬电影频道, Name: CHC动作电影, Total: 54, Valid: 19, Valid Percent: 35.19%, Whitelist: 0, IPv4: 2, IPv6: 52, Min Delay: 0.1 ms, Max Speed: 38.09 M/s, Avg Speed: 3.86 M/s, Max Resolution: 1920x1080
Category: 🎬电影频道, Name: CHC高清电影, Total: 6, Valid: 3, Valid Percent: 50.00%, Whitelist: 0, IPv4: 6, IPv6: 0, Min Delay: 6005 ms, Max Speed: 0.21 M/s, Avg Speed: 0.12 M/s, Max Resolution: 1920x1080
Category: 🎬电影频道, Name: 淘剧场, Total: 5, Valid: 2, Valid Percent: 40.00%, Whitelist: 0, IPv4: 0, IPv6: 5, Min Delay: 0.1 ms, Max Speed: 0.00 M/s, Avg Speed: 0.00 M/s, Max Resolution: 1920x1080
Category: 🎬电影频道, Name: 淘娱乐, Total: 5, Valid: 2, Valid Percent: 40.00%, Whitelist: 0, IPv4: 0, IPv6: 5, Min Delay: 0.1 ms, Max Speed: 0.00 M/s, Avg Speed: 0.00 M/s, Max Resolution: 1920x1080
Category: 🎬电影频道, Name: 淘电影, Total: 17, Valid: 17, Valid Percent: 100.00%, Whitelist: 0, IPv4: 0, IPv6: 17, Min Delay: 0.1 ms, Max Speed: 0.00 M/s, Avg Speed: 0.00 M/s, Max Resolution: 1920x1080
Category: 🎬电影频道, Name: NewTV惊悚悬疑, Total: 9, Valid: 1, Valid Percent: 11.11%, Whitelist: 0, IPv4: 0, IPv6: 9, Min Delay: 0.1 ms, Max Speed: 0.00 M/s, Avg Speed: 0.00 M/s, Max Resolution: 1920x1080
Category: 🎬电影频道, Name: NewTV动作电影, Total: 3, Valid: 1, Valid Percent: 33.33%, Whitelist: 0, IPv4: 0, IPv6: 3, Min Delay: 0.1 ms, Max Speed: 0.00 M/s, Avg Speed: 0.00 M/s, Max Resolution: 1920x1080
Category: 🎬电影频道, Name: 黑莓电影, Total: 13, Valid: 9, Valid Percent: 69.23%, Whitelist: 0, IPv4: 0, IPv6: 13, Min Delay: 0.1 ms, Max Speed: 0.00 M/s, Avg Speed: 0.00 M/s, Max Resolution: 1920x1080
Category: 🎬电影频道, Name: 纬来电影, Total: 37, Valid: 1, Valid Percent: 2.70%, Whitelist: 0, IPv4: 1, IPv6: 36, Min Delay: 18 ms, Max Speed: 0.39 M/s, Avg Speed: 0.39 M/s, Max Resolution: 1920x1080
Category: 🎬电影频道, Name: 靖天映画, Total: 7, Valid: 0, Valid Percent: 0.00%, Whitelist: 0, IPv4: 0, IPv6: 7, Min Delay: -1 ms, Max Speed: 0.00 M/s, Avg Speed: 0.00 M/s, Max Resolution: None
Category: 🎬电影频道, Name: 靖天戏剧, Total: 25, Valid: 2, Valid Percent: 8.00%, Whitelist: 0, IPv4: 1, IPv6: 24, Min Delay: 0.1 ms, Max Speed: 0.39 M/s, Avg Speed: 0.19 M/s, Max Resolution: 1920x1080
Category: 🎬电影频道, Name: 经典电影, Total: 9, Valid: 6, Valid Percent: 66.67%, Whitelist: 0, IPv4: 0, IPv6: 9, Min Delay: 0.1 ms, Max Speed: 0.00 M/s, Avg Speed: 0.00 M/s, Max Resolution: 1920x1080
Category: 🎬电影频道, Name: IPTV经典电影, Total: 1, Valid: 1, Valid Percent: 100.00%, Whitelist: 0, IPv4: 1, IPv6: 0, Min Delay: 461 ms, Max Speed: 0.04 M/s, Avg Speed: 0.04 M/s, Max Resolution: 1920x1080
Category: 🎬电影频道, Name: 天映经典, Total: 41, Valid: 0, Valid Percent: 0.00%, Whitelist: 0, IPv4: 0, IPv6: 41, Min Delay: -1 ms, Max Speed: 0.00 M/s, Avg Speed: 0.00 M/s, Max Resolution: None
Category: 🎬电影频道, Name: 无线星河, Total: 8, Valid: 1, Valid Percent: 12.50%, Whitelist: 0, IPv4: 0, IPv6: 8, Min Delay: 0.1 ms, Max Speed: 0.00 M/s, Avg Speed: 0.00 M/s, Max Resolution: 1920x1080
Category: 🎬电影频道, Name: 星空卫视, Total: 4, Valid: 1, Valid Percent: 25.00%, Whitelist: 0, IPv4: 0, IPv6: 4, Min Delay: 0.1 ms, Max Speed: 0.00 M/s, Avg Speed: 0.00 M/s, Max Resolution: 1920x1080
Category: 🎬电影频道, Name: 东森电影, Total: 6, Valid: 4, Valid Percent: 66.67%, Whitelist: 0, IPv4: 0, IPv6: 6, Min Delay: 0.1 ms, Max Speed: 0.00 M/s, Avg Speed: 0.00 M/s, Max Resolution: 1920x1080
Category: 🎬电影频道, Name: 龙祥电影, Total: 2, Valid: 0, Valid Percent: 0.00%, Whitelist: 0, IPv4: 0, IPv6: 2, Min Delay: -1 ms, Max Speed: 0.00 M/s, Avg Speed: 0.00 M/s, Max Resolution: None
Category: 🎬电影频道, Name: 东森洋片, Total: 32, Valid: 0, Valid Percent: 0.00%, Whitelist: 0, IPv4: 0, IPv6: 32, Min Delay: -1 ms, Max Speed: 0.00 M/s, Avg Speed: 0.00 M/s, Max Resolution: None
Category: 🎬电影频道, Name: 东森超视, Total: 10, Valid: 5, Valid Percent: 50.00%, Whitelist: 0, IPv4: 0, IPv6: 10, Min Delay: 0.1 ms, Max Speed: 0.00 M/s, Avg Speed: 0.00 M/s, Max Resolution: 1920x1080
Category: ☘️广东频道, Name: 广东珠江, Total: 155, Valid: 39, Valid Percent: 25.16%, Whitelist: 0, IPv4: 0, IPv6: 155, Min Delay: 0.1 ms, Max Speed: 0.00 M/s, Avg Speed: 0.00 M/s, Max Resolution: 1920x1080
Category: ☘️广东频道, Name: 广东体育, Total: 181, Valid: 9, Valid Percent: 4.97%, Whitelist: 0, IPv4: 0, IPv6: 181, Min Delay: 0.1 ms, Max Speed: 0.00 M/s, Avg Speed: 0.00 M/s, Max Resolution: 1920x1080
Category: ☘️广东频道, Name: 广东新闻, Total: 98, Valid: 7, Valid Percent: 7.14%, Whitelist: 0, IPv4: 0, IPv6: 98, Min Delay: 0.1 ms, Max Speed: 0.00 M/s, Avg Speed: 0.00 M/s, Max Resolution: 1920x1080
Category: ☘️广东频道, Name: 广东卫视, Total: 155, Valid: 58, Valid Percent: 37.42%, Whitelist: 0, IPv4: 0, IPv6: 155, Min Delay: 0.1 ms, Max Speed: 0.00 M/s, Avg Speed: 0.00 M/s, Max Resolution: 1920x1080
Category: ☘️广东频道, Name: 广东民生, Total: 93, Valid: 6, Valid Percent: 6.45%, Whitelist: 0, IPv4: 0, IPv6: 93, Min Delay: 0.1 ms, Max Speed: 0.00 M/s, Avg Speed: 0.00 M/s, Max Resolution: 1920x1080
Category: ☘️广东频道, Name: 广州综合, Total: 53, Valid: 38, Valid Percent: 71.70%, Whitelist: 0, IPv4: 0, IPv6: 53, Min Delay: 0.1 ms, Max Speed: 0.00 M/s, Avg Speed: 0.00 M/s, Max Resolution: 1920x1080
Category: ☘️广东频道, Name: 广州影视, Total: 32, Valid: 31, Valid Percent: 96.88%, Whitelist: 0, IPv4: 0, IPv6: 32, Min Delay: 0.1 ms, Max Speed: 0.00 M/s, Avg Speed: 0.00 M/s, Max Resolution: 1920x1080
Category: ☘️北京频道, Name: 北京新闻, Total: 78, Valid: 9, Valid Percent: 11.54%, Whitelist: 0, IPv4: 0, IPv6: 78, Min Delay: 0.1 ms, Max Speed: 0.00 M/s, Avg Speed: 0.00 M/s, Max Resolution: 1920x1080
Category: ☘️北京频道, Name: 北京生活, Total: 73, Valid: 4, Valid Percent: 5.48%, Whitelist: 0, IPv4: 1, IPv6: 72, Min Delay: 0.1 ms, Max Speed: 0.08 M/s, Avg Speed: 0.02 M/s, Max Resolution: 1920x1080
Category: ☘️北京频道, Name: 北京科教, Total: 1, Valid: 1, Valid Percent: 100.00%, Whitelist: 0, IPv4: 1, IPv6: 0, Min Delay: 5 ms, Max Speed: 44.70 M/s, Avg Speed: 44.70 M/s, Max Resolution: 19x24
Category: ☘️北京频道, Name: 北京财经, Total: 72, Valid: 3, Valid Percent: 4.17%, Whitelist: 0, IPv4: 0, IPv6: 72, Min Delay: 0.1 ms, Max Speed: 0.00 M/s, Avg Speed: 0.00 M/s, Max Resolution: 1920x1080
Category: ☘️北京频道, Name: 北京青年, Total: 1, Valid: 1, Valid Percent: 100.00%, Whitelist: 0, IPv4: 1, IPv6: 0, Min Delay: 5 ms, Max Speed: 49.66 M/s, Avg Speed: 49.66 M/s, Max Resolution: 19x24
Category: ☘️上海频道, Name: 第一财经, Total: 22, Valid: 18, Valid Percent: 81.82%, Whitelist: 0, IPv4: 1, IPv6: 21, Min Delay: 0.1 ms, Max Speed: 0.07 M/s, Avg Speed: 0.00 M/s, Max Resolution: 1920x1080
Category: ☘️上海频道, Name: 七彩戏剧, Total: 2, Valid: 2, Valid Percent: 100.00%, Whitelist: 0, IPv4: 0, IPv6: 2, Min Delay: 0.1 ms, Max Speed: 0.00 M/s, Avg Speed: 0.00 M/s, Max Resolution: 1920x1080
Category: ☘️上海频道, Name: 上海外语, Total: 3, Valid: 3, Valid Percent: 100.00%, Whitelist: 0, IPv4: 0, IPv6: 3, Min Delay: 0.1 ms, Max Speed: 0.00 M/s, Avg Speed: 0.00 M/s, Max Resolution: 1920x1080
Category: ☘️上海频道, Name: 上海新闻综合, Total: 85, Valid: 3, Valid Percent: 3.53%, Whitelist: 0, IPv4: 2, IPv6: 83, Min Delay: 0.1 ms, Max Speed: 36.42 M/s, Avg Speed: 23.92 M/s, Max Resolution: 1920x1080
Category: ☘️上海频道, Name: 上海第一财经, Total: 74, Valid: 0, Valid Percent: 0.00%, Whitelist: 0, IPv4: 0, IPv6: 74, Min Delay: -1 ms, Max Speed: 0.00 M/s, Avg Speed: 0.00 M/s, Max Resolution: None
Category: ☘️上海频道, Name: 上海都市, Total: 84, Valid: 12, Valid Percent: 14.29%, Whitelist: 0, IPv4: 0, IPv6: 84, Min Delay: 0.1 ms, Max Speed: 0.00 M/s, Avg Speed: 0.00 M/s, Max Resolution: 1920x1080
Category: ☘️上海频道, Name: 东方影视, Total: 14, Valid: 8, Valid Percent: 57.14%, Whitelist: 0, IPv4: 0, IPv6: 14, Min Delay: 0.1 ms, Max Speed: 0.00 M/s, Avg Speed: 0.00 M/s, Max Resolution: 1920x1080
Category: ☘️上海频道, Name: 东方财经, Total: 2, Valid: 2, Valid Percent: 100.00%, Whitelist: 0, IPv4: 0, IPv6: 2, Min Delay: 0.1 ms, Max Speed: 0.00 M/s, Avg Speed: 0.00 M/s, Max Resolution: 1920x1080
Category: ☘️上海频道, Name: 新闻综合, Total: 24, Valid: 17, Valid Percent: 70.83%, Whitelist: 0, IPv4: 2, IPv6: 22, Min Delay: 0.1 ms, Max Speed: 0.74 M/s, Avg Speed: 0.08 M/s, Max Resolution: 1920x1080
Category: ☘️上海频道, Name: 欢笑剧场, Total: 10, Valid: 3, Valid Percent: 30.00%, Whitelist: 0, IPv4: 0, IPv6: 10, Min Delay: 0.1 ms, Max Speed: 0.00 M/s, Avg Speed: 0.00 M/s, Max Resolution: 1920x1080
Category: ☘️上海频道, Name: 都市剧场, Total: 10, Valid: 1, Valid Percent: 10.00%, Whitelist: 0, IPv4: 1, IPv6: 9, Min Delay: 14 ms, Max Speed: 8.29 M/s, Avg Speed: 8.29 M/s, Max Resolution: None
Category: ☘️江苏频道, Name: 句容影院, Total: 1, Valid: 1, Valid Percent: 100.00%, Whitelist: 0, IPv4: 1, IPv6: 0, Min Delay: 1433 ms, Max Speed: 0.28 M/s, Avg Speed: 0.28 M/s, Max Resolution: 720x576
Category: ☘️江苏频道, Name: 江苏体育, Total: 40, Valid: 0, Valid Percent: 0.00%, Whitelist: 0, IPv4: 0, IPv6: 40, Min Delay: -1 ms, Max Speed: 0.00 M/s, Avg Speed: 0.00 M/s, Max Resolution: None
Category: ☘️江苏频道, Name: 江苏公共, Total: 1, Valid: 0, Valid Percent: 0.00%, Whitelist: 0, IPv4: 0, IPv6: 1, Min Delay: -1 ms, Max Speed: 0.00 M/s, Avg Speed: 0.00 M/s, Max Resolution: None
Category: ☘️江苏频道, Name: 江苏城市, Total: 22, Valid: 4, Valid Percent: 18.18%, Whitelist: 0, IPv4: 2, IPv6: 20, Min Delay: 0.1 ms, Max Speed: 35.71 M/s, Avg Speed: 17.44 M/s, Max Resolution: 1920x1080
Category: ☘️江苏频道, Name: 江苏影视, Total: 50, Valid: 4, Valid Percent: 8.00%, Whitelist: 0, IPv4: 2, IPv6: 48, Min Delay: 0.1 ms, Max Speed: 38.87 M/s, Avg Speed: 18.67 M/s, Max Resolution: 1920x1080
Category: ☘️江苏频道, Name: 江苏教育, Total: 52, Valid: 5, Valid Percent: 9.62%, Whitelist: 0, IPv4: 2, IPv6: 50, Min Delay: 0.1 ms, Max Speed: 37.35 M/s, Avg Speed: 14.80 M/s, Max Resolution: 1920x1080
Category: ☘️江苏频道, Name: 苏州4k, Total: 1, Valid: 1, Valid Percent: 100.00%, Whitelist: 0, IPv4: 1, IPv6: 0, Min Delay: 405 ms, Max Speed: 1.69 M/s, Avg Speed: 1.69 M/s, Max Resolution: 1280x720
Category: ☘️江苏频道, Name: 苏州文化生活, Total: 2, Valid: 1, Valid Percent: 50.00%, Whitelist: 0, IPv4: 0, IPv6: 2, Min Delay: 0.1 ms, Max Speed: 0.00 M/s, Avg Speed: 0.00 M/s, Max Resolution: 1920x1080
Category: ☘️江苏频道, Name: 苏州新闻综合, Total: 3, Valid: 2, Valid Percent: 66.67%, Whitelist: 0, IPv4: 0, IPv6: 3, Min Delay: 0.1 ms, Max Speed: 0.00 M/s, Avg Speed: 0.00 M/s, Max Resolution: 1920x1080
Category: ☘️江苏频道, Name: 苏州生活资讯, Total: 2, Valid: 1, Valid Percent: 50.00%, Whitelist: 0, IPv4: 0, IPv6: 2, Min Delay: 0.1 ms, Max Speed: 0.00 M/s, Avg Speed: 0.00 M/s, Max Resolution: 1920x1080
Category: ☘️江苏频道, Name: 苏州社会经济, Total: 3, Valid: 2, Valid Percent: 66.67%, Whitelist: 0, IPv4: 1, IPv6: 2, Min Delay: 0.1 ms, Max Speed: 0.83 M/s, Avg Speed: 0.41 M/s, Max Resolution: 1920x1080
Category: ☘️辽宁频道, Name: 辽宁北方, Total: 1, Valid: 1, Valid Percent: 100.00%, Whitelist: 0, IPv4: 0, IPv6: 1, Min Delay: 0.1 ms, Max Speed: 0.00 M/s, Avg Speed: 0.00 M/s, Max Resolution: 1920x1080
Category: ☘️辽宁频道, Name: 辽宁影视剧, Total: 3, Valid: 3, Valid Percent: 100.00%, Whitelist: 0, IPv4: 0, IPv6: 3, Min Delay: 0.1 ms, Max Speed: 0.00 M/s, Avg Speed: 0.00 M/s, Max Resolution: 1920x1080
Category: ☘️辽宁频道, Name: 辽宁教育青少, Total: 1, Valid: 1, Valid Percent: 100.00%, Whitelist: 0, IPv4: 0, IPv6: 1, Min Delay: 0.1 ms, Max Speed: 0.00 M/s, Avg Speed: 0.00 M/s, Max Resolution: 1920x1080
Category: ☘️辽宁频道, Name: 辽宁生活, Total: 1, Valid: 1, Valid Percent: 100.00%, Whitelist: 0, IPv4: 0, IPv6: 1, Min Delay: 0.1 ms, Max Speed: 0.00 M/s, Avg Speed: 0.00 M/s, Max Resolution: 1920x1080
Category: ☘️辽宁频道, Name: 辽宁经济, Total: 3, Valid: 3, Valid Percent: 100.00%, Whitelist: 0, IPv4: 1, IPv6: 2, Min Delay: 0.1 ms, Max Speed: 7.72 M/s, Avg Speed: 2.57 M/s, Max Resolution: 1920x1080
Category: ☘️辽宁频道, Name: 辽宁都市, Total: 3, Valid: 3, Valid Percent: 100.00%, Whitelist: 0, IPv4: 0, IPv6: 3, Min Delay: 0.1 ms, Max Speed: 0.00 M/s, Avg Speed: 0.00 M/s, Max Resolution: 1920x1080
Category: ☘️湖南频道, Name: 湖南都市, Total: 11, Valid: 7, Valid Percent: 63.64%, Whitelist: 0, IPv4: 0, IPv6: 11, Min Delay: 0.1 ms, Max Speed: 0.00 M/s, Avg Speed: 0.00 M/s, Max Resolution: 1920x1080
Category: ☘️湖南频道, Name: 湖南经视, Total: 16, Valid: 15, Valid Percent: 93.75%, Whitelist: 0, IPv4: 0, IPv6: 16, Min Delay: 0.1 ms, Max Speed: 0.00 M/s, Avg Speed: 0.00 M/s, Max Resolution: 1920x1080
Category: ☘️湖南频道, Name: 湖南电视剧, Total: 17, Valid: 15, Valid Percent: 88.24%, Whitelist: 0, IPv4: 0, IPv6: 17, Min Delay: 0.1 ms, Max Speed: 0.00 M/s, Avg Speed: 0.00 M/s, Max Resolution: 1920x1080
Category: ☘️湖南频道, Name: 湖南电影, Total: 3, Valid: 2, Valid Percent: 66.67%, Whitelist: 0, IPv4: 0, IPv6: 3, Min Delay: 0.1 ms, Max Speed: 0.00 M/s, Avg Speed: 0.00 M/s, Max Resolution: 1920x1080
Category: ☘️湖南频道, Name: 湖南爱晚, Total: 3, Valid: 1, Valid Percent: 33.33%, Whitelist: 0, IPv4: 0, IPv6: 3, Min Delay: 0.1 ms, Max Speed: 0.00 M/s, Avg Speed: 0.00 M/s, Max Resolution: 1920x1080
Category: ☘️湖南频道, Name: 湖南教育, Total: 2, Valid: 2, Valid Percent: 100.00%, Whitelist: 0, IPv4: 0, IPv6: 2, Min Delay: 0.1 ms, Max Speed: 0.00 M/s, Avg Speed: 0.00 M/s, Max Resolution: 1920x1080
Category: ☘️湖南频道, Name: 湖南娱乐, Total: 11, Valid: 9, Valid Percent: 81.82%, Whitelist: 0, IPv4: 0, IPv6: 11, Min Delay: 0.1 ms, Max Speed: 0.00 M/s, Avg Speed: 0.00 M/s, Max Resolution: 1920x1080
Category: ☘️湖南频道, Name: 湖南国际, Total: 4, Valid: 3, Valid Percent: 75.00%, Whitelist: 0, IPv4: 0, IPv6: 4, Min Delay: 0.1 ms, Max Speed: 0.00 M/s, Avg Speed: 0.00 M/s, Max Resolution: 1920x1080
Category: ☘️湖南频道, Name: 湖南公共, Total: 10, Valid: 10, Valid Percent: 100.00%, Whitelist: 0, IPv4: 0, IPv6: 10, Min Delay: 0.1 ms, Max Speed: 0.00 M/s, Avg Speed: 0.00 M/s, Max Resolution: 1920x1080
Category: ☘️湖北频道, Name: 湖北综合, Total: 3, Valid: 3, Valid Percent: 100.00%, Whitelist: 0, IPv4: 0, IPv6: 3, Min Delay: 0.1 ms, Max Speed: 0.00 M/s, Avg Speed: 0.00 M/s, Max Resolution: 1920x1080
Category: ☘️湖北频道, Name: 湖北经视, Total: 4, Valid: 2, Valid Percent: 50.00%, Whitelist: 0, IPv4: 0, IPv6: 4, Min Delay: 0.1 ms, Max Speed: 0.00 M/s, Avg Speed: 0.00 M/s, Max Resolution: 1920x1080
Category: ☘️湖北频道, Name: 湖北生活, Total: 6, Valid: 4, Valid Percent: 66.67%, Whitelist: 0, IPv4: 0, IPv6: 6, Min Delay: 0.1 ms, Max Speed: 0.00 M/s, Avg Speed: 0.00 M/s, Max Resolution: 1920x1080
Category: ☘️湖北频道, Name: 湖北教育, Total: 4, Valid: 3, Valid Percent: 75.00%, Whitelist: 0, IPv4: 0, IPv6: 4, Min Delay: 0.1 ms, Max Speed: 0.00 M/s, Avg Speed: 0.00 M/s, Max Resolution: 1920x1080
Category: ☘️湖北频道, Name: 湖北影视, Total: 4, Valid: 2, Valid Percent: 50.00%, Whitelist: 0, IPv4: 0, IPv6: 4, Min Delay: 0.1 ms, Max Speed: 0.00 M/s, Avg Speed: 0.00 M/s, Max Resolution: 1920x1080
Category: ☘️湖北频道, Name: 湖北公共, Total: 4, Valid: 4, Valid Percent: 100.00%, Whitelist: 0, IPv4: 0, IPv6: 4, Min Delay: 0.1 ms, Max Speed: 0.00 M/s, Avg Speed: 0.00 M/s, Max Resolution: 1920x1080
Category: ☘️湖北频道, Name: 湖北垄上, Total: 5, Valid: 4, Valid Percent: 80.00%, Whitelist: 0, IPv4: 0, IPv6: 5, Min Delay: 0.1 ms, Max Speed: 0.00 M/s, Avg Speed: 0.00 M/s, Max Resolution: 1920x1080
Category: ☘️湖北频道, Name: 武汉一台新闻综合, Total: 5, Valid: 5, Valid Percent: 100.00%, Whitelist: 0, IPv4: 0, IPv6: 5, Min Delay: 0.1 ms, Max Speed: 0.00 M/s, Avg Speed: 0.00 M/s, Max Resolution: 1920x1080
Category: ☘️湖北频道, Name: 武汉二台电视剧, Total: 2, Valid: 2, Valid Percent: 100.00%, Whitelist: 0, IPv4: 0, IPv6: 2, Min Delay: 0.1 ms, Max Speed: 0.00 M/s, Avg Speed: 0.00 M/s, Max Resolution: 1920x1080
Category: ☘️湖北频道, Name: 武汉四台经济, Total: 1, Valid: 1, Valid Percent: 100.00%, Whitelist: 0, IPv4: 0, IPv6: 1, Min Delay: 0.1 ms, Max Speed: 0.00 M/s, Avg Speed: 0.00 M/s, Max Resolution: 1920x1080
Category: ☘️湖北频道, Name: 武汉教育, Total: 8, Valid: 8, Valid Percent: 100.00%, Whitelist: 0, IPv4: 0, IPv6: 8, Min Delay: 0.1 ms, Max Speed: 0.00 M/s, Avg Speed: 0.00 M/s, Max Resolution: 1920x1080
Category: ☘️湖北频道, Name: 武汉文体, Total: 1, Valid: 1, Valid Percent: 100.00%, Whitelist: 0, IPv4: 1, IPv6: 0, Min Delay: 473 ms, Max Speed: 0.07 M/s, Avg Speed: 0.07 M/s, Max Resolution: 1920x1080
Category: ☘️吉林频道, Name: 吉林都市, Total: 2, Valid: 2, Valid Percent: 100.00%, Whitelist: 0, IPv4: 0, IPv6: 2, Min Delay: 0.1 ms, Max Speed: 0.00 M/s, Avg Speed: 0.00 M/s, Max Resolution: 1920x1080
Category: ☘️吉林频道, Name: 吉林生活, Total: 2, Valid: 2, Valid Percent: 100.00%, Whitelist: 0, IPv4: 0, IPv6: 2, Min Delay: 0.1 ms, Max Speed: 0.00 M/s, Avg Speed: 0.00 M/s, Max Resolution: 1920x1080
Category: ☘️吉林频道, Name: 吉林乡村, Total: 3, Valid: 3, Valid Percent: 100.00%, Whitelist: 0, IPv4: 0, IPv6: 3, Min Delay: 0.1 ms, Max Speed: 0.00 M/s, Avg Speed: 0.00 M/s, Max Resolution: 1920x1080
Category: 🎵音乐频道, Name: CCTV-15, Total: 149, Valid: 63, Valid Percent: 42.28%, Whitelist: 0, IPv4: 0, IPv6: 149, Min Delay: 0.1 ms, Max Speed: 0.00 M/s, Avg Speed: 0.00 M/s, Max Resolution: 1920x1080
Category: 🎵音乐频道, Name: 风云音乐, Total: 3, Valid: 0, Valid Percent: 0.00%, Whitelist: 0, IPv4: 0, IPv6: 3, Min Delay: -1 ms, Max Speed: 0.00 M/s, Avg Speed: 0.00 M/s, Max Resolution: None
Category: 🎵音乐频道, Name: 音乐现场, Total: 2, Valid: 2, Valid Percent: 100.00%, Whitelist: 0, IPv4: 2, IPv6: 0, Min Delay: 9 ms, Max Speed: 10.46 M/s, Avg Speed: 9.08 M/s, Max Resolution: None
Category: 🎵音乐频道, Name: 音乐之声, Total: 1, Valid: 1, Valid Percent: 100.00%, Whitelist: 0, IPv4: 1, IPv6: 0, Min Delay: 1191 ms, Max Speed: 0.14 M/s, Avg Speed: 0.14 M/s, Max Resolution: None
Category: 🎵音乐频道, Name: 潮流音乐, Total: 1, Valid: 1, Valid Percent: 100.00%, Whitelist: 0, IPv4: 1, IPv6: 0, Min Delay: 6941 ms, Max Speed: 0.01 M/s, Avg Speed: 0.01 M/s, Max Resolution: None
Category: 🎵音乐频道, Name: 音乐广播, Total: 64, Valid: 0, Valid Percent: 0.00%, Whitelist: 0, IPv4: 0, IPv6: 64, Min Delay: -1 ms, Max Speed: 0.00 M/s, Avg Speed: 0.00 M/s, Max Resolution: None
